Pytest: 4 passed
